line 7: prototype mismatch, function foo expects parameters (INT)
