---begin global scope---
print (string) -> void
printi (int) -> void
main () -> void
  ---begin scope---
  x int 0
  y[17] int 1
  z byte 18
  w[3] bool 19
  a int 22
  ---end scope---
---end global scope---
